2026-08-19 09:41:37,356 INFO [<Reload> Reload] Reloading....
2026-08-19 09:41:37,665 INFO [<Reload> pyrevit.loader.sessionmgr] Reloading....
2026-08-19 09:41:37,965 INFO [<Reload> pyrevit.loader.sessionmgr] Creating new Session with pyRevitAssemblyMaker.dll...
2026-08-19 09:41:37,977 INFO [<Reload> pyrevit.loader.sessionmgr] Using Roslyn build strategy for C# session manager
2026-08-19 09:41:37,984 INFO [<Reload> pyrevit.loader.sessionmgr] Loading session using C# LoadSession method...
2026-08-19 09:41:37,991 INFO [<Reload> pyrevit.loader.sessionmgr] Scanned ribbon and discovered 3 pyRevit tabs with 9 panels and 255 buttons.
2026-08-19 09:41:44,674 INFO [<Reload> pyrevit.loader.sessionmgr] Extension assembly created: pyRevitCore
2026-08-19 09:41:44,769 INFO [<Reload> pyrevit.loader.sessionmgr] Extension assembly created: pyRevitTools
2026-08-19 09:41:44,781 INFO [<Reload> pyrevit.loader.sessionmgr] Extension assembly created: RevitCheck
2026-08-19 09:41:44,784 INFO [<Reload> pyrevit.loader.sessionmgr] Running startup tasks for pyRevitCore
2026-08-19 09:41:44,786 INFO [<Reload> pyrevit.loader.sessionmgr] Executing startup script for extension: pyRevitCore
2026-08-19 09:41:46,984 INFO [<Reload> pyrevit.loader.sessionmgr] Running startup tasks for pyRevitTools
2026-08-19 09:41:46,994 INFO [<Reload> pyrevit.loader.sessionmgr] Executing startup script for extension: pyRevitTools
2026-08-19 09:41:51,964 INFO [<Reload> pyrevit.loader.sessionmgr] UI created for extension: pyRevitCore
2026-08-19 09:41:54,245 INFO [<Reload> pyrevit.loader.sessionmgr] UI created for extension: pyRevitTools
2026-08-19 09:41:54,247 INFO [<Reload> pyrevit.loader.sessionmgr] UI created for extension: RevitCheck
2026-08-19 09:41:54,249 INFO [<Reload> pyrevit.loader.sessionmgr] Cleaned up 1 orphaned pyRevit UI elements.
2026-08-19 09:41:54,254 INFO [<Reload> pyrevit.loader.sessionmgr] Session loaded in 16264ms
2026-08-19 09:41:54,255 INFO [<Reload> pyrevit.loader.sessionmgr] C# session loading completed successfully
2026-08-19 09:41:54,384 INFO [<Reload> pyrevit.loader.sessionmgr] Load time: 16.5117797852 seconds :thumbs_up:
2026-08-19 09:42:27,086 INFO [<Reload> Reload] Reloading....
2026-08-19 09:42:27,283 INFO [<Reload> pyrevit.loader.sessionmgr] Reloading....
2026-08-19 09:42:27,554 INFO [<Reload> pyrevit.loader.sessionmgr] Creating new Session with pyRevitAssemblyMaker.dll...
2026-08-19 09:42:27,572 INFO [<Reload> pyrevit.loader.sessionmgr] Using Roslyn build strategy for C# session manager
2026-08-19 09:42:27,579 INFO [<Reload> pyrevit.loader.sessionmgr] Loading session using C# LoadSession method...
2026-08-19 09:42:27,586 INFO [<Reload> pyrevit.loader.sessionmgr] Scanned ribbon and discovered 3 pyRevit tabs with 9 panels and 255 buttons.
2026-08-19 09:42:28,401 INFO [<Reload> pyrevit.loader.sessionmgr] Extension assembly created: pyRevitCore
2026-08-19 09:42:28,486 INFO [<Reload> pyrevit.loader.sessionmgr] Extension assembly created: pyRevitTools
2026-08-19 09:42:28,501 INFO [<Reload> pyrevit.loader.sessionmgr] Extension assembly created: RevitCheck
2026-08-19 09:42:28,503 INFO [<Reload> pyrevit.loader.sessionmgr] Running startup tasks for pyRevitCore
2026-08-19 09:42:28,505 INFO [<Reload> pyrevit.loader.sessionmgr] Executing startup script for extension: pyRevitCore
2026-08-19 09:42:30,718 INFO [<Reload> pyrevit.loader.sessionmgr] Running startup tasks for pyRevitTools
2026-08-19 09:42:30,723 INFO [<Reload> pyrevit.loader.sessionmgr] Executing startup script for extension: pyRevitTools
2026-08-19 09:42:36,456 INFO [<Reload> pyrevit.loader.sessionmgr] UI created for extension: pyRevitCore
2026-08-19 09:42:39,081 INFO [<Reload> pyrevit.loader.sessionmgr] UI created for extension: pyRevitTools
2026-08-19 09:42:39,083 INFO [<Reload> pyrevit.loader.sessionmgr] UI created for extension: RevitCheck
2026-08-19 09:42:39,085 INFO [<Reload> pyrevit.loader.sessionmgr] Cleaned up 1 orphaned pyRevit UI elements.
2026-08-19 09:42:39,088 INFO [<Reload> pyrevit.loader.sessionmgr] Session loaded in 11503ms
2026-08-19 09:42:39,092 INFO [<Reload> pyrevit.loader.sessionmgr] C# session loading completed successfully
2026-08-19 09:42:39,231 INFO [<Reload> pyrevit.loader.sessionmgr] Load time: 11.7467498779 seconds :thumbs_up:
